Copyright 1986-2017 Xilinx, Inc. All Rights Reserved.
---------------------------------------------------------------------------------------
| Tool Version : Vivado v.2017.4 (win64) Build 2086221 Fri Dec 15 20:55:39 MST 2017
| Date         : Mon May 18 16:44:05 2026
| Host         : GANSZ-DESKTOP running 64-bit major release  (build 9200)
| Command      : report_control_sets -verbose -file top_gsplat_control_sets_placed.rpt
| Design       : top_gsplat
| Device       : xc7a100t
---------------------------------------------------------------------------------------

Control Set Information

Table of Contents
-----------------
1. Summary
2. Flip-Flop Distribution
3. Detailed Control Set Information

1. Summary
----------

+----------------------------------------------------------+-------+
|                          Status                          | Count |
+----------------------------------------------------------+-------+
| Number of unique control sets                            |    33 |
| Unused register locations in slices containing registers |   140 |
+----------------------------------------------------------+-------+


2. Flip-Flop Distribution
-------------------------

+--------------+-----------------------+------------------------+-----------------+--------------+
| Clock Enable | Synchronous Set/Reset | Asynchronous Set/Reset | Total Registers | Total Slices |
+--------------+-----------------------+------------------------+-----------------+--------------+
| No           | No                    | No                     |              17 |           12 |
| No           | No                    | Yes                    |              31 |           19 |
| No           | Yes                   | No                     |              23 |            9 |
| Yes          | No                    | No                     |             347 |          146 |
| Yes          | No                    | Yes                    |              44 |           14 |
| Yes          | Yes                   | No                     |             182 |           57 |
+--------------+-----------------------+------------------------+-----------------+--------------+


3. Detailed Control Set Information
-----------------------------------

+----------------------+-----------------------------------------------+--------------------------------------+------------------+----------------+
|     Clock Signal     |                 Enable Signal                 |           Set/Reset Signal           | Slice Load Count | Bel Load Count |
+----------------------+-----------------------------------------------+--------------------------------------+------------------+----------------+
|  CLK100MHZ_IBUF_BUFG | u_render_ctrl/FSM_sequential_state[3]_i_1_n_0 | reset_sys                            |                1 |              4 |
|  u_clk_gen/clk_pix   |                                               |                                      |                5 |              8 |
|  CLK100MHZ_IBUF_BUFG | u_rasterizer/lut_d2_norm[7]_i_2_n_0           | u_rasterizer/lut_d2_norm[7]_i_1_n_0  |                2 |              8 |
|  CLK100MHZ_IBUF_BUFG | u_cam_ctrl/tilt_angle_0                       | u_cam_ctrl/spin_angle_rep[7]_i_1_n_0 |                6 |              8 |
|  u_clk_gen/clk_pix   |                                               | reset_pix                            |                5 |             10 |
|  u_clk_gen/clk_pix   | u_vga_timing/v_cnt                            | reset_pix                            |                3 |             10 |
|  CLK100MHZ_IBUF_BUFG |                                               |                                      |                9 |             11 |
|  CLK100MHZ_IBUF_BUFG | u_rasterizer/cur_y[10]_i_1_n_0                |                                      |                5 |             11 |
|  CLK100MHZ_IBUF_BUFG | u_rasterizer/cur_x[10]_i_1_n_0                |                                      |                6 |             11 |
|  CLK100MHZ_IBUF_BUFG | u_rasterizer/y_max[10]_i_2_n_0                | u_rasterizer/y_max[10]_i_1_n_0       |                3 |             11 |
|  CLK100MHZ_IBUF_BUFG | u_rasterizer/y_max[10]_i_2_n_0                | u_rasterizer/y_min[10]_i_1_n_0       |                3 |             11 |
|  CLK100MHZ_IBUF_BUFG | u_rasterizer/y_max[10]_i_2_n_0                | u_rasterizer/x_min[10]_i_1_n_0       |                3 |             11 |
|  CLK100MHZ_IBUF_BUFG | u_rasterizer/y_max[10]_i_2_n_0                | u_rasterizer/x_max[10]_i_1_n_0       |                4 |             11 |
|  CLK100MHZ_IBUF_BUFG | u_render_ctrl/rast_splat_reg[44]_0            |                                      |                6 |             12 |
|  CLK100MHZ_IBUF_BUFG | u_blender/fb_din[11]_i_1_n_0                  |                                      |                5 |             12 |
|  CLK100MHZ_IBUF_BUFG | u_rasterizer/y_max[10]_i_2_n_0                |                                      |                6 |             13 |
|  CLK100MHZ_IBUF_BUFG | u_render_ctrl/splat_addr[12]_i_1_n_0          |                                      |                4 |             13 |
|  CLK100MHZ_IBUF_BUFG | u_render_ctrl/splat_idx[12]_i_1_n_0           | reset_sys                            |                5 |             13 |
|  CLK100MHZ_IBUF_BUFG | u_render_ctrl/clear_addr_cnt[16]_i_1_n_0      | reset_sys                            |                5 |             17 |
|  CLK100MHZ_IBUF_BUFG | u_blender/fb_addr[16]_i_1_n_0                 |                                      |                5 |             17 |
|  CLK100MHZ_IBUF_BUFG | u_rasterizer/lut_d2_norm[7]_i_2_n_0           |                                      |                5 |             17 |
|  CLK100MHZ_IBUF_BUFG | u_rasterizer/p1_x0                            |                                      |                4 |             17 |
|  CLK100MHZ_IBUF_BUFG | u_rasterizer/p3_x[8]_i_1_n_0                  |                                      |                6 |             17 |
|  CLK100MHZ_IBUF_BUFG | u_cam_ctrl/reg_pan_x[10]_i_2_n_0              | u_cam_ctrl/reg_pan_y                 |                7 |             18 |
|  CLK100MHZ_IBUF_BUFG | u_render_ctrl/fb_clear_addr[16]_i_1_n_0       |                                      |                6 |             18 |
|  CLK100MHZ_IBUF_BUFG | u_cam_ctrl/spin_angle_rep[7]_i_2_n_0          | u_cam_ctrl/spin_angle_rep[7]_i_1_n_0 |                8 |             24 |
|  CLK100MHZ_IBUF_BUFG | u_blender/s2_addr[16]_i_1_n_0                 |                                      |                8 |             29 |
|  CLK100MHZ_IBUF_BUFG | u_blender/s1_addr[16]_i_1_n_0                 |                                      |               13 |             37 |
|  CLK100MHZ_IBUF_BUFG | u_rasterizer/px_x[8]_i_1_n_0                  |                                      |               18 |             37 |
|  CLK100MHZ_IBUF_BUFG | u_rasterizer/E[0]                             |                                      |               17 |             37 |
|  CLK100MHZ_IBUF_BUFG |                                               | reset_sys                            |               23 |             44 |
|  CLK100MHZ_IBUF_BUFG | u_rasterizer/radius[6]_i_1_n_0                |                                      |               32 |             49 |
|  CLK100MHZ_IBUF_BUFG | u_cam_ctrl/sample_tick_reg_n_0                | reset_sys                            |               21 |             80 |
+----------------------+-----------------------------------------------+--------------------------------------+------------------+----------------+


+--------+-----------------------+
| Fanout | Number of ControlSets |
+--------+-----------------------+
| 4      |                     1 |
| 8      |                     3 |
| 10     |                     2 |
| 11     |                     7 |
| 12     |                     2 |
| 13     |                     3 |
| 16+    |                    15 |
+--------+-----------------------+


